PLINK v1.90b4.4 64-bit (21 May 2017)
Options in effect:
  --bfile geno_output_clump
  --geno 0.1
  --maf 0.05
  --make-bed
  --mind 0.99
  --out geno_output_qc

Hostname: debian-06
Working directory: /data/YanJ/PROJECT/testMRBIGR
Start time: Fri Apr 23 14:13:44 2021

Random number seed: 1619158424
1031983 MB RAM detected; reserving 515991 MB for main workspace.
381013 variants loaded from .bim file.
510 people (0 males, 0 females, 510 ambiguous) loaded from .fam.
Ambiguous sex IDs written to geno_output_qc.nosex .
510 phenotype values loaded from .fam.
Warning: Ignoring phenotypes of missing-sex samples.  If you don't want those
phenotypes to be ignored, use the --allow-no-sex flag.
0 people removed due to missing genotype data (--mind).
Using 1 thread (no multithreaded calculations invoked).
Before main variant filters, 510 founders and 0 nonfounders present.
Calculating allele frequencies... done.
0 variants removed due to missing genotype data (--geno).
3104 variants removed due to minor allele threshold(s)
(--maf/--max-maf/--mac/--max-mac).
377909 variants and 510 people pass filters and QC.
Among remaining phenotypes, 0 are cases and 510 are controls.
--make-bed to geno_output_qc.bed + geno_output_qc.bim + geno_output_qc.fam ...
done.

End time: Fri Apr 23 14:13:46 2021
